// Jest Snapshot v1, https://goo.gl/fbAQLP

exports[`Toolbar toolbar render correctly 1`] = `
<Toolbar>
  <div
    className="Toolbar"
  >
    <ul>
      <li>
        <div
          className="icon-minus"
        />
      </li>
      <li>
        <div
          className="icon-branches"
        />
      </li>
      <li
        draggable={true}
        key="toolbar-block"
        onDragStart={[Function]}
      >
        <div
          className="icon-border"
        />
      </li>
      <li
        draggable={true}
        key="toolbar-tag"
        onDragStart={[Function]}
      >
        <div
          className="icon-tag"
        />
      </li>
    </ul>
  </div>
</Toolbar>
`;
