// Jest Snapshot v1, https://goo.gl/fbAQLP

exports[`demo render correctly 1`] = `
<Demo>
  <div
    className="Demo"
  >
    <Toolbar>
      <div
        className="Toolbar"
      >
        <ul>
          <li
            draggable={true}
            key="tool-0"
            onDragStart={[Function]}
          >
            <Icon
              style={
                Object {
                  "fontSize": 20,
                }
              }
              type="minus"
            >
              <LocaleReceiver
                componentName="Icon"
              >
                <i
                  aria-label="icon: minus"
                  className="anticon anticon-minus"
                  style={
                    Object {
                      "fontSize": 20,
                    }
                  }
                >
                  <IconReact
                    className=""
                    type="minus-o"
                  >
                    <svg
                      aria-hidden="true"
                      className=""
                      data-icon="minus"
                      fill="currentColor"
                      focusable="false"
                      height="1em"
                      key="svg-minus"
                      viewBox="64 64 896 896"
                      width="1em"
                    >
                      <path
                        d="M872 474H152c-4.4 0-8 3.6-8 8v60c0 4.4 3.6 8 8 8h720c4.4 0 8-3.6 8-8v-60c0-4.4-3.6-8-8-8z"
                        key="svg-minus-svg-0"
                      />
                    </svg>
                  </IconReact>
                </i>
              </LocaleReceiver>
            </Icon>
          </li>
          <li
            draggable={true}
            key="tool-1"
            onDragStart={[Function]}
          >
            <Icon
              style={
                Object {
                  "fontSize": 20,
                }
              }
              type="border"
            >
              <LocaleReceiver
                componentName="Icon"
              >
                <i
                  aria-label="icon: border"
                  className="anticon anticon-border"
                  style={
                    Object {
                      "fontSize": 20,
                    }
                  }
                >
                  <IconReact
                    className=""
                    type="border-o"
                  >
                    <svg
                      aria-hidden="true"
                      className=""
                      data-icon="border"
                      fill="currentColor"
                      focusable="false"
                      height="1em"
                      key="svg-border"
                      viewBox="64 64 896 896"
                      width="1em"
                    >
                      <path
                        d="M880 112H144c-17.7 0-32 14.3-32 32v736c0 17.7 14.3 32 32 32h736c17.7 0 32-14.3 32-32V144c0-17.7-14.3-32-32-32zm-40 728H184V184h656v656z"
                        key="svg-border-svg-0"
                      />
                    </svg>
                  </IconReact>
                </i>
              </LocaleReceiver>
            </Icon>
          </li>
          <li
            draggable={true}
            key="tool-2"
            onDragStart={[Function]}
          >
            <Icon
              style={
                Object {
                  "fontSize": 20,
                }
              }
              type="tag"
            >
              <LocaleReceiver
                componentName="Icon"
              >
                <i
                  aria-label="icon: tag"
                  className="anticon anticon-tag"
                  style={
                    Object {
                      "fontSize": 20,
                    }
                  }
                >
                  <IconReact
                    className=""
                    type="tag-o"
                  >
                    <svg
                      aria-hidden="true"
                      className=""
                      data-icon="tag"
                      fill="currentColor"
                      focusable="false"
                      height="1em"
                      key="svg-tag"
                      viewBox="64 64 896 896"
                      width="1em"
                    >
                      <path
                        d="M938 458.8l-29.6-312.6c-1.5-16.2-14.4-29-30.6-30.6L565.2 86h-.4c-3.2 0-5.7 1-7.6 2.9L88.9 557.2a9.96 9.96 0 0 0 0 14.1l363.8 363.8c1.9 1.9 4.4 2.9 7.1 2.9s5.2-1 7.1-2.9l468.3-468.3c2-2.1 3-5 2.8-8zM459.7 834.7L189.3 564.3 589 164.6 836 188l23.4 247-399.7 399.7zM680 256c-48.5 0-88 39.5-88 88s39.5 88 88 88 88-39.5 88-88-39.5-88-88-88zm0 120c-17.7 0-32-14.3-32-32s14.3-32 32-32 32 14.3 32 32-14.3 32-32 32z"
                        key="svg-tag-svg-0"
                      />
                    </svg>
                  </IconReact>
                </i>
              </LocaleReceiver>
            </Icon>
          </li>
        </ul>
      </div>
    </Toolbar>
    <Canvas
      className="canvas-wrapper"
      data={
        Object {
          "BlockGroup": Object {
            "block-623187": Object {
              "x": 132,
              "y": 118,
            },
            "block-624018": Object {
              "x": 426,
              "y": -50,
            },
            "block-73377": Object {
              "x": 428,
              "y": 306,
            },
          },
          "CanvasPosition": Object {
            "x": -67,
            "y": 230,
          },
          "LineGroup": Object {
            "line-592694": Object {
              "from": Object {
                "bottom": 0,
                "height": 0,
                "left": 0,
                "right": 0,
                "top": 0,
                "width": 0,
              },
              "fromKey": "block-623187",
              "to": Object {
                "bottom": 0,
                "height": 0,
                "left": 0,
                "right": 0,
                "top": 0,
                "width": 0,
              },
              "toKey": "block-624018",
            },
            "line-77619": Object {
              "from": Object {
                "bottom": 0,
                "height": 0,
                "left": 0,
                "right": 0,
                "top": 0,
                "width": 0,
              },
              "fromKey": "block-73377",
              "to": Object {
                "bottom": 0,
                "height": 0,
                "left": 0,
                "right": 0,
                "top": 0,
                "width": 0,
              },
              "toKey": "block-623187",
            },
          },
          "TagGroup": Object {
            "tag-626505": Object {
              "editable": false,
              "input": "test",
              "style": Object {
                "height": 32,
                "width": 100,
              },
              "x": 169,
              "y": 144,
            },
            "tag-629962": Object {
              "editable": false,
              "input": "test2",
              "style": Object {
                "height": 32,
                "width": 100,
              },
              "x": 462,
              "y": -23,
            },
            "tag-80986": Object {
              "editable": false,
              "input": "test3",
              "style": Object {
                "height": 32,
                "width": 100,
              },
              "x": 463,
              "y": 333,
            },
          },
        }
      }
      onChange={[Function]}
      orientation="h"
      style={Object {}}
    >
      <Draggable
        allowAnyClick={false}
        axis="both"
        bounds={false}
        cancel={null}
        defaultClassName="react-draggable"
        defaultClassNameDragged="react-draggable-dragged"
        defaultClassNameDragging="react-draggable-dragging"
        defaultPosition={
          Object {
            "x": 0,
            "y": 0,
          }
        }
        disabled={false}
        enableUserSelectHack={true}
        grid={null}
        handle={null}
        offsetParent={null}
        onDrag={[Function]}
        onMouseDown={[Function]}
        onStart={[Function]}
        onStop={[Function]}
        position={
          Object {
            "x": -67,
            "y": 230,
          }
        }
        scale={1}
        transform={null}
      >
        <DraggableCore
          allowAnyClick={false}
          axis="both"
          bounds={false}
          cancel={null}
          defaultClassName="react-draggable"
          defaultClassNameDragged="react-draggable-dragged"
          defaultClassNameDragging="react-draggable-dragging"
          defaultPosition={
            Object {
              "x": 0,
              "y": 0,
            }
          }
          disabled={false}
          enableUserSelectHack={true}
          grid={null}
          handle={null}
          offsetParent={null}
          onDrag={[Function]}
          onMouseDown={[Function]}
          onStart={[Function]}
          onStop={[Function]}
          position={
            Object {
              "x": -67,
              "y": 230,
            }
          }
          scale={1}
          transform={null}
        >
          <div
            className="Canvas canvas-wrapper react-draggable"
            data={
              Object {
                "BlockGroup": Object {
                  "block-623187": Object {
                    "x": 132,
                    "y": 118,
                  },
                  "block-624018": Object {
                    "x": 426,
                    "y": -50,
                  },
                  "block-73377": Object {
                    "x": 428,
                    "y": 306,
                  },
                },
                "CanvasPosition": Object {
                  "x": -67,
                  "y": 230,
                },
                "LineGroup": Object {
                  "line-592694": Object {
                    "from": Object {
                      "bottom": 0,
                      "height": 0,
                      "left": 0,
                      "right": 0,
                      "top": 0,
                      "width": 0,
                    },
                    "fromKey": "block-623187",
                    "to": Object {
                      "bottom": 0,
                      "height": 0,
                      "left": 0,
                      "right": 0,
                      "top": 0,
                      "width": 0,
                    },
                    "toKey": "block-624018",
                  },
                  "line-77619": Object {
                    "from": Object {
                      "bottom": 0,
                      "height": 0,
                      "left": 0,
                      "right": 0,
                      "top": 0,
                      "width": 0,
                    },
                    "fromKey": "block-73377",
                    "to": Object {
                      "bottom": 0,
                      "height": 0,
                      "left": 0,
                      "right": 0,
                      "top": 0,
                      "width": 0,
                    },
                    "toKey": "block-623187",
                  },
                },
                "TagGroup": Object {
                  "tag-626505": Object {
                    "editable": false,
                    "input": "test",
                    "style": Object {
                      "height": 32,
                      "width": 100,
                    },
                    "x": 169,
                    "y": 144,
                  },
                  "tag-629962": Object {
                    "editable": false,
                    "input": "test2",
                    "style": Object {
                      "height": 32,
                      "width": 100,
                    },
                    "x": 462,
                    "y": -23,
                  },
                  "tag-80986": Object {
                    "editable": false,
                    "input": "test3",
                    "style": Object {
                      "height": 32,
                      "width": 100,
                    },
                    "x": 463,
                    "y": 333,
                  },
                },
              }
            }
            onChange={[Function]}
            onDragOver={[Function]}
            onDrop={[Function]}
            onMouseDown={[Function]}
            onMouseUp={[Function]}
            onTouchEnd={[Function]}
            onTouchStart={[Function]}
            style={
              Object {
                "touchAction": "none",
                "transform": "translate(-67px,230px)",
              }
            }
            transform={null}
          >
            <BlockGroup
              data={
                Object {
                  "block-623187": Object {
                    "x": 132,
                    "y": 118,
                  },
                  "block-624018": Object {
                    "x": 426,
                    "y": -50,
                  },
                  "block-73377": Object {
                    "x": 428,
                    "y": 306,
                  },
                }
              }
              lineData={
                Object {
                  "line-592694": Object {
                    "from": Object {
                      "bottom": 0,
                      "height": 0,
                      "left": 0,
                      "right": 0,
                      "top": 0,
                      "width": 0,
                    },
                    "fromKey": "block-623187",
                    "to": Object {
                      "bottom": 0,
                      "height": 0,
                      "left": 0,
                      "right": 0,
                      "top": 0,
                      "width": 0,
                    },
                    "toKey": "block-624018",
                  },
                  "line-77619": Object {
                    "from": Object {
                      "bottom": 0,
                      "height": 0,
                      "left": 0,
                      "right": 0,
                      "top": 0,
                      "width": 0,
                    },
                    "fromKey": "block-73377",
                    "to": Object {
                      "bottom": 0,
                      "height": 0,
                      "left": 0,
                      "right": 0,
                      "top": 0,
                      "width": 0,
                    },
                    "toKey": "block-623187",
                  },
                }
              }
              offset={
                Object {
                  "x": -67,
                  "y": 230,
                }
              }
              onChange={[Function]}
            >
              <Draggable
                allowAnyClick={false}
                axis="both"
                bounds={false}
                cancel={null}
                defaultClassName="react-draggable"
                defaultClassNameDragged="react-draggable-dragged"
                defaultClassNameDragging="react-draggable-dragging"
                defaultPosition={
                  Object {
                    "x": 0,
                    "y": 0,
                  }
                }
                disabled={false}
                enableUserSelectHack={true}
                grid={null}
                handle={null}
                key="block-623187"
                offsetParent={null}
                onDrag={[Function]}
                onMouseDown={[Function]}
                onStart={[Function]}
                onStop={[Function]}
                position={
                  Object {
                    "x": 132,
                    "y": 118,
                  }
                }
                scale={1}
                transform={null}
              >
                <DraggableCore
                  allowAnyClick={false}
                  axis="both"
                  bounds={false}
                  cancel={null}
                  defaultClassName="react-draggable"
                  defaultClassNameDragged="react-draggable-dragged"
                  defaultClassNameDragging="react-draggable-dragging"
                  defaultPosition={
                    Object {
                      "x": 0,
                      "y": 0,
                    }
                  }
                  disabled={false}
                  enableUserSelectHack={true}
                  grid={null}
                  handle={null}
                  offsetParent={null}
                  onDrag={[Function]}
                  onMouseDown={[Function]}
                  onStart={[Function]}
                  onStop={[Function]}
                  position={
                    Object {
                      "x": 132,
                      "y": 118,
                    }
                  }
                  scale={1}
                  transform={null}
                >
                  <div
                    className="block-group animate-appear react-draggable"
                    data={
                      Object {
                        "block-623187": Object {
                          "x": 132,
                          "y": 118,
                        },
                        "block-624018": Object {
                          "x": 426,
                          "y": -50,
                        },
                        "block-73377": Object {
                          "x": 428,
                          "y": 306,
                        },
                      }
                    }
                    offset={
                      Object {
                        "x": -67,
                        "y": 230,
                      }
                    }
                    onClick={[Function]}
                    onMouseDown={[Function]}
                    onMouseUp={[Function]}
                    onTouchEnd={[Function]}
                    onTouchStart={[Function]}
                    style={
                      Object {
                        "touchAction": "none",
                        "transform": "translate(132px,118px)",
                      }
                    }
                    transform={null}
                  />
                </DraggableCore>
              </Draggable>
              <Draggable
                allowAnyClick={false}
                axis="both"
                bounds={false}
                cancel={null}
                defaultClassName="react-draggable"
                defaultClassNameDragged="react-draggable-dragged"
                defaultClassNameDragging="react-draggable-dragging"
                defaultPosition={
                  Object {
                    "x": 0,
                    "y": 0,
                  }
                }
                disabled={false}
                enableUserSelectHack={true}
                grid={null}
                handle={null}
                key="block-624018"
                offsetParent={null}
                onDrag={[Function]}
                onMouseDown={[Function]}
                onStart={[Function]}
                onStop={[Function]}
                position={
                  Object {
                    "x": 426,
                    "y": -50,
                  }
                }
                scale={1}
                transform={null}
              >
                <DraggableCore
                  allowAnyClick={false}
                  axis="both"
                  bounds={false}
                  cancel={null}
                  defaultClassName="react-draggable"
                  defaultClassNameDragged="react-draggable-dragged"
                  defaultClassNameDragging="react-draggable-dragging"
                  defaultPosition={
                    Object {
                      "x": 0,
                      "y": 0,
                    }
                  }
                  disabled={false}
                  enableUserSelectHack={true}
                  grid={null}
                  handle={null}
                  offsetParent={null}
                  onDrag={[Function]}
                  onMouseDown={[Function]}
                  onStart={[Function]}
                  onStop={[Function]}
                  position={
                    Object {
                      "x": 426,
                      "y": -50,
                    }
                  }
                  scale={1}
                  transform={null}
                >
                  <div
                    className="block-group animate-appear react-draggable"
                    data={
                      Object {
                        "block-623187": Object {
                          "x": 132,
                          "y": 118,
                        },
                        "block-624018": Object {
                          "x": 426,
                          "y": -50,
                        },
                        "block-73377": Object {
                          "x": 428,
                          "y": 306,
                        },
                      }
                    }
                    offset={
                      Object {
                        "x": -67,
                        "y": 230,
                      }
                    }
                    onClick={[Function]}
                    onMouseDown={[Function]}
                    onMouseUp={[Function]}
                    onTouchEnd={[Function]}
                    onTouchStart={[Function]}
                    style={
                      Object {
                        "touchAction": "none",
                        "transform": "translate(426px,-50px)",
                      }
                    }
                    transform={null}
                  />
                </DraggableCore>
              </Draggable>
              <Draggable
                allowAnyClick={false}
                axis="both"
                bounds={false}
                cancel={null}
                defaultClassName="react-draggable"
                defaultClassNameDragged="react-draggable-dragged"
                defaultClassNameDragging="react-draggable-dragging"
                defaultPosition={
                  Object {
                    "x": 0,
                    "y": 0,
                  }
                }
                disabled={false}
                enableUserSelectHack={true}
                grid={null}
                handle={null}
                key="block-73377"
                offsetParent={null}
                onDrag={[Function]}
                onMouseDown={[Function]}
                onStart={[Function]}
                onStop={[Function]}
                position={
                  Object {
                    "x": 428,
                    "y": 306,
                  }
                }
                scale={1}
                transform={null}
              >
                <DraggableCore
                  allowAnyClick={false}
                  axis="both"
                  bounds={false}
                  cancel={null}
                  defaultClassName="react-draggable"
                  defaultClassNameDragged="react-draggable-dragged"
                  defaultClassNameDragging="react-draggable-dragging"
                  defaultPosition={
                    Object {
                      "x": 0,
                      "y": 0,
                    }
                  }
                  disabled={false}
                  enableUserSelectHack={true}
                  grid={null}
                  handle={null}
                  offsetParent={null}
                  onDrag={[Function]}
                  onMouseDown={[Function]}
                  onStart={[Function]}
                  onStop={[Function]}
                  position={
                    Object {
                      "x": 428,
                      "y": 306,
                    }
                  }
                  scale={1}
                  transform={null}
                >
                  <div
                    className="block-group animate-appear react-draggable"
                    data={
                      Object {
                        "block-623187": Object {
                          "x": 132,
                          "y": 118,
                        },
                        "block-624018": Object {
                          "x": 426,
                          "y": -50,
                        },
                        "block-73377": Object {
                          "x": 428,
                          "y": 306,
                        },
                      }
                    }
                    offset={
                      Object {
                        "x": -67,
                        "y": 230,
                      }
                    }
                    onClick={[Function]}
                    onMouseDown={[Function]}
                    onMouseUp={[Function]}
                    onTouchEnd={[Function]}
                    onTouchStart={[Function]}
                    style={
                      Object {
                        "touchAction": "none",
                        "transform": "translate(428px,306px)",
                      }
                    }
                    transform={null}
                  />
                </DraggableCore>
              </Draggable>
            </BlockGroup>
            <LineGroup
              data={
                Object {
                  "line-592694": Object {
                    "from": Object {
                      "bottom": 0,
                      "height": 0,
                      "left": 0,
                      "right": 0,
                      "top": 0,
                      "width": 0,
                    },
                    "fromKey": "block-623187",
                    "to": Object {
                      "bottom": 0,
                      "height": 0,
                      "left": 0,
                      "right": 0,
                      "top": 0,
                      "width": 0,
                    },
                    "toKey": "block-624018",
                  },
                  "line-77619": Object {
                    "from": Object {
                      "bottom": 0,
                      "height": 0,
                      "left": 0,
                      "right": 0,
                      "top": 0,
                      "width": 0,
                    },
                    "fromKey": "block-73377",
                    "to": Object {
                      "bottom": 0,
                      "height": 0,
                      "left": 0,
                      "right": 0,
                      "top": 0,
                      "width": 0,
                    },
                    "toKey": "block-623187",
                  },
                }
              }
              offset={
                Object {
                  "x": -67,
                  "y": 230,
                }
              }
              orientation="h"
            >
              <div
                className="LineGroup"
              >
                <SteppedLineTo
                  className=""
                  data={
                    Object {
                      "line-592694": Object {
                        "from": Object {
                          "bottom": 0,
                          "height": 0,
                          "left": 0,
                          "right": 0,
                          "top": 0,
                          "width": 0,
                        },
                        "fromKey": "block-623187",
                        "to": Object {
                          "bottom": 0,
                          "height": 0,
                          "left": 0,
                          "right": 0,
                          "top": 0,
                          "width": 0,
                        },
                        "toKey": "block-624018",
                      },
                      "line-77619": Object {
                        "from": Object {
                          "bottom": 0,
                          "height": 0,
                          "left": 0,
                          "right": 0,
                          "top": 0,
                          "width": 0,
                        },
                        "fromKey": "block-73377",
                        "to": Object {
                          "bottom": 0,
                          "height": 0,
                          "left": 0,
                          "right": 0,
                          "top": 0,
                          "width": 0,
                        },
                        "toKey": "block-623187",
                      },
                    }
                  }
                  from={
                    Object {
                      "bottom": 0,
                      "height": 0,
                      "left": 0,
                      "right": 0,
                      "top": 0,
                      "width": 0,
                    }
                  }
                  key="line-77619"
                  offset={
                    Object {
                      "x": -67,
                      "y": 230,
                    }
                  }
                  orientation="h"
                  style={Object {}}
                  to={
                    Object {
                      "bottom": 0,
                      "height": 0,
                      "left": 0,
                      "right": 0,
                      "top": 0,
                      "width": 0,
                    }
                  }
                >
                  <div
                    className="stepped-line-to"
                  >
                    <SteppedLine
                      className=""
                      data={
                        Object {
                          "line-592694": Object {
                            "from": Object {
                              "bottom": 0,
                              "height": 0,
                              "left": 0,
                              "right": 0,
                              "top": 0,
                              "width": 0,
                            },
                            "fromKey": "block-623187",
                            "to": Object {
                              "bottom": 0,
                              "height": 0,
                              "left": 0,
                              "right": 0,
                              "top": 0,
                              "width": 0,
                            },
                            "toKey": "block-624018",
                          },
                          "line-77619": Object {
                            "from": Object {
                              "bottom": 0,
                              "height": 0,
                              "left": 0,
                              "right": 0,
                              "top": 0,
                              "width": 0,
                            },
                            "fromKey": "block-73377",
                            "to": Object {
                              "bottom": 0,
                              "height": 0,
                              "left": 0,
                              "right": 0,
                              "top": 0,
                              "width": 0,
                            },
                            "toKey": "block-623187",
                          },
                        }
                      }
                      from={
                        Object {
                          "bottom": 0,
                          "height": 0,
                          "left": 0,
                          "right": 0,
                          "top": 0,
                          "width": 0,
                        }
                      }
                      offset={
                        Object {
                          "x": -67,
                          "y": 230,
                        }
                      }
                      orientation="h"
                      style={Object {}}
                      to={
                        Object {
                          "bottom": 0,
                          "height": 0,
                          "left": 0,
                          "right": 0,
                          "top": 0,
                          "width": 0,
                        }
                      }
                      x0={67}
                      x1={67}
                      y0={-230}
                      y1={-230}
                    >
                      <Line
                        className=""
                        data={
                          Object {
                            "line-592694": Object {
                              "from": Object {
                                "bottom": 0,
                                "height": 0,
                                "left": 0,
                                "right": 0,
                                "top": 0,
                                "width": 0,
                              },
                              "fromKey": "block-623187",
                              "to": Object {
                                "bottom": 0,
                                "height": 0,
                                "left": 0,
                                "right": 0,
                                "top": 0,
                                "width": 0,
                              },
                              "toKey": "block-624018",
                            },
                            "line-77619": Object {
                              "from": Object {
                                "bottom": 0,
                                "height": 0,
                                "left": 0,
                                "right": 0,
                                "top": 0,
                                "width": 0,
                              },
                              "fromKey": "block-73377",
                              "to": Object {
                                "bottom": 0,
                                "height": 0,
                                "left": 0,
                                "right": 0,
                                "top": 0,
                                "width": 0,
                              },
                              "toKey": "block-623187",
                            },
                          }
                        }
                        from={
                          Object {
                            "bottom": 0,
                            "height": 0,
                            "left": 0,
                            "right": 0,
                            "top": 0,
                            "width": 0,
                          }
                        }
                        offset={
                          Object {
                            "x": -67,
                            "y": 230,
                          }
                        }
                        orientation="h"
                        style={Object {}}
                        to={
                          Object {
                            "bottom": 0,
                            "height": 0,
                            "left": 0,
                            "right": 0,
                            "top": 0,
                            "width": 0,
                          }
                        }
                        x0={67}
                        x1={67}
                        y0={-230}
                        y1={-230}
                      >
                        <div
                          className="line-core"
                          style={
                            Object {
                              "left": "67px",
                              "top": "-230px",
                              "transform": "rotate(0deg)",
                              "width": "0px",
                            }
                          }
                        />
                      </Line>
                    </SteppedLine>
                  </div>
                </SteppedLineTo>
                <SteppedLineTo
                  className=""
                  data={
                    Object {
                      "line-592694": Object {
                        "from": Object {
                          "bottom": 0,
                          "height": 0,
                          "left": 0,
                          "right": 0,
                          "top": 0,
                          "width": 0,
                        },
                        "fromKey": "block-623187",
                        "to": Object {
                          "bottom": 0,
                          "height": 0,
                          "left": 0,
                          "right": 0,
                          "top": 0,
                          "width": 0,
                        },
                        "toKey": "block-624018",
                      },
                      "line-77619": Object {
                        "from": Object {
                          "bottom": 0,
                          "height": 0,
                          "left": 0,
                          "right": 0,
                          "top": 0,
                          "width": 0,
                        },
                        "fromKey": "block-73377",
                        "to": Object {
                          "bottom": 0,
                          "height": 0,
                          "left": 0,
                          "right": 0,
                          "top": 0,
                          "width": 0,
                        },
                        "toKey": "block-623187",
                      },
                    }
                  }
                  from={
                    Object {
                      "bottom": 0,
                      "height": 0,
                      "left": 0,
                      "right": 0,
                      "top": 0,
                      "width": 0,
                    }
                  }
                  key="line-592694"
                  offset={
                    Object {
                      "x": -67,
                      "y": 230,
                    }
                  }
                  orientation="h"
                  style={Object {}}
                  to={
                    Object {
                      "bottom": 0,
                      "height": 0,
                      "left": 0,
                      "right": 0,
                      "top": 0,
                      "width": 0,
                    }
                  }
                >
                  <div
                    className="stepped-line-to"
                  >
                    <SteppedLine
                      className=""
                      data={
                        Object {
                          "line-592694": Object {
                            "from": Object {
                              "bottom": 0,
                              "height": 0,
                              "left": 0,
                              "right": 0,
                              "top": 0,
                              "width": 0,
                            },
                            "fromKey": "block-623187",
                            "to": Object {
                              "bottom": 0,
                              "height": 0,
                              "left": 0,
                              "right": 0,
                              "top": 0,
                              "width": 0,
                            },
                            "toKey": "block-624018",
                          },
                          "line-77619": Object {
                            "from": Object {
                              "bottom": 0,
                              "height": 0,
                              "left": 0,
                              "right": 0,
                              "top": 0,
                              "width": 0,
                            },
                            "fromKey": "block-73377",
                            "to": Object {
                              "bottom": 0,
                              "height": 0,
                              "left": 0,
                              "right": 0,
                              "top": 0,
                              "width": 0,
                            },
                            "toKey": "block-623187",
                          },
                        }
                      }
                      from={
                        Object {
                          "bottom": 0,
                          "height": 0,
                          "left": 0,
                          "right": 0,
                          "top": 0,
                          "width": 0,
                        }
                      }
                      offset={
                        Object {
                          "x": -67,
                          "y": 230,
                        }
                      }
                      orientation="h"
                      style={Object {}}
                      to={
                        Object {
                          "bottom": 0,
                          "height": 0,
                          "left": 0,
                          "right": 0,
                          "top": 0,
                          "width": 0,
                        }
                      }
                      x0={67}
                      x1={67}
                      y0={-230}
                      y1={-230}
                    >
                      <Line
                        className=""
                        data={
                          Object {
                            "line-592694": Object {
                              "from": Object {
                                "bottom": 0,
                                "height": 0,
                                "left": 0,
                                "right": 0,
                                "top": 0,
                                "width": 0,
                              },
                              "fromKey": "block-623187",
                              "to": Object {
                                "bottom": 0,
                                "height": 0,
                                "left": 0,
                                "right": 0,
                                "top": 0,
                                "width": 0,
                              },
                              "toKey": "block-624018",
                            },
                            "line-77619": Object {
                              "from": Object {
                                "bottom": 0,
                                "height": 0,
                                "left": 0,
                                "right": 0,
                                "top": 0,
                                "width": 0,
                              },
                              "fromKey": "block-73377",
                              "to": Object {
                                "bottom": 0,
                                "height": 0,
                                "left": 0,
                                "right": 0,
                                "top": 0,
                                "width": 0,
                              },
                              "toKey": "block-623187",
                            },
                          }
                        }
                        from={
                          Object {
                            "bottom": 0,
                            "height": 0,
                            "left": 0,
                            "right": 0,
                            "top": 0,
                            "width": 0,
                          }
                        }
                        offset={
                          Object {
                            "x": -67,
                            "y": 230,
                          }
                        }
                        orientation="h"
                        style={Object {}}
                        to={
                          Object {
                            "bottom": 0,
                            "height": 0,
                            "left": 0,
                            "right": 0,
                            "top": 0,
                            "width": 0,
                          }
                        }
                        x0={67}
                        x1={67}
                        y0={-230}
                        y1={-230}
                      >
                        <div
                          className="line-core"
                          style={
                            Object {
                              "left": "67px",
                              "top": "-230px",
                              "transform": "rotate(0deg)",
                              "width": "0px",
                            }
                          }
                        />
                      </Line>
                    </SteppedLine>
                  </div>
                </SteppedLineTo>
              </div>
            </LineGroup>
            <TagGroup
              data={
                Object {
                  "tag-626505": Object {
                    "editable": false,
                    "input": "test",
                    "style": Object {
                      "height": 32,
                      "width": 100,
                    },
                    "x": 169,
                    "y": 144,
                  },
                  "tag-629962": Object {
                    "editable": false,
                    "input": "test2",
                    "style": Object {
                      "height": 32,
                      "width": 100,
                    },
                    "x": 462,
                    "y": -23,
                  },
                  "tag-80986": Object {
                    "editable": false,
                    "input": "test3",
                    "style": Object {
                      "height": 32,
                      "width": 100,
                    },
                    "x": 463,
                    "y": 333,
                  },
                }
              }
              onChange={[Function]}
            >
              <Draggable
                allowAnyClick={false}
                axis="both"
                bounds={false}
                cancel={null}
                defaultClassName="react-draggable"
                defaultClassNameDragged="react-draggable-dragged"
                defaultClassNameDragging="react-draggable-dragging"
                defaultPosition={
                  Object {
                    "x": 0,
                    "y": 0,
                  }
                }
                disabled={false}
                enableUserSelectHack={true}
                grid={null}
                handle={null}
                key="tag-626505"
                offsetParent={null}
                onDrag={[Function]}
                onMouseDown={[Function]}
                onStart={[Function]}
                onStop={[Function]}
                position={
                  Object {
                    "x": 169,
                    "y": 144,
                  }
                }
                scale={1}
                transform={null}
              >
                <DraggableCore
                  allowAnyClick={false}
                  axis="both"
                  bounds={false}
                  cancel={null}
                  defaultClassName="react-draggable"
                  defaultClassNameDragged="react-draggable-dragged"
                  defaultClassNameDragging="react-draggable-dragging"
                  defaultPosition={
                    Object {
                      "x": 0,
                      "y": 0,
                    }
                  }
                  disabled={false}
                  enableUserSelectHack={true}
                  grid={null}
                  handle={null}
                  offsetParent={null}
                  onDrag={[Function]}
                  onMouseDown={[Function]}
                  onStart={[Function]}
                  onStop={[Function]}
                  position={
                    Object {
                      "x": 169,
                      "y": 144,
                    }
                  }
                  scale={1}
                  transform={null}
                >
                  <div
                    className="tag-group animate-appear react-draggable"
                    data={
                      Object {
                        "tag-626505": Object {
                          "editable": false,
                          "input": "test",
                          "style": Object {
                            "height": 32,
                            "width": 100,
                          },
                          "x": 169,
                          "y": 144,
                        },
                        "tag-629962": Object {
                          "editable": false,
                          "input": "test2",
                          "style": Object {
                            "height": 32,
                            "width": 100,
                          },
                          "x": 462,
                          "y": -23,
                        },
                        "tag-80986": Object {
                          "editable": false,
                          "input": "test3",
                          "style": Object {
                            "height": 32,
                            "width": 100,
                          },
                          "x": 463,
                          "y": 333,
                        },
                      }
                    }
                    onDoubleClick={[Function]}
                    onMouseDown={[Function]}
                    onMouseUp={[Function]}
                    onTouchEnd={[Function]}
                    onTouchStart={[Function]}
                    style={
                      Object {
                        "touchAction": "none",
                        "transform": "translate(169px,144px)",
                      }
                    }
                    transform={null}
                  >
                    test
                  </div>
                </DraggableCore>
              </Draggable>
              <Draggable
                allowAnyClick={false}
                axis="both"
                bounds={false}
                cancel={null}
                defaultClassName="react-draggable"
                defaultClassNameDragged="react-draggable-dragged"
                defaultClassNameDragging="react-draggable-dragging"
                defaultPosition={
                  Object {
                    "x": 0,
                    "y": 0,
                  }
                }
                disabled={false}
                enableUserSelectHack={true}
                grid={null}
                handle={null}
                key="tag-629962"
                offsetParent={null}
                onDrag={[Function]}
                onMouseDown={[Function]}
                onStart={[Function]}
                onStop={[Function]}
                position={
                  Object {
                    "x": 462,
                    "y": -23,
                  }
                }
                scale={1}
                transform={null}
              >
                <DraggableCore
                  allowAnyClick={false}
                  axis="both"
                  bounds={false}
                  cancel={null}
                  defaultClassName="react-draggable"
                  defaultClassNameDragged="react-draggable-dragged"
                  defaultClassNameDragging="react-draggable-dragging"
                  defaultPosition={
                    Object {
                      "x": 0,
                      "y": 0,
                    }
                  }
                  disabled={false}
                  enableUserSelectHack={true}
                  grid={null}
                  handle={null}
                  offsetParent={null}
                  onDrag={[Function]}
                  onMouseDown={[Function]}
                  onStart={[Function]}
                  onStop={[Function]}
                  position={
                    Object {
                      "x": 462,
                      "y": -23,
                    }
                  }
                  scale={1}
                  transform={null}
                >
                  <div
                    className="tag-group animate-appear react-draggable"
                    data={
                      Object {
                        "tag-626505": Object {
                          "editable": false,
                          "input": "test",
                          "style": Object {
                            "height": 32,
                            "width": 100,
                          },
                          "x": 169,
                          "y": 144,
                        },
                        "tag-629962": Object {
                          "editable": false,
                          "input": "test2",
                          "style": Object {
                            "height": 32,
                            "width": 100,
                          },
                          "x": 462,
                          "y": -23,
                        },
                        "tag-80986": Object {
                          "editable": false,
                          "input": "test3",
                          "style": Object {
                            "height": 32,
                            "width": 100,
                          },
                          "x": 463,
                          "y": 333,
                        },
                      }
                    }
                    onDoubleClick={[Function]}
                    onMouseDown={[Function]}
                    onMouseUp={[Function]}
                    onTouchEnd={[Function]}
                    onTouchStart={[Function]}
                    style={
                      Object {
                        "touchAction": "none",
                        "transform": "translate(462px,-23px)",
                      }
                    }
                    transform={null}
                  >
                    test2
                  </div>
                </DraggableCore>
              </Draggable>
              <Draggable
                allowAnyClick={false}
                axis="both"
                bounds={false}
                cancel={null}
                defaultClassName="react-draggable"
                defaultClassNameDragged="react-draggable-dragged"
                defaultClassNameDragging="react-draggable-dragging"
                defaultPosition={
                  Object {
                    "x": 0,
                    "y": 0,
                  }
                }
                disabled={false}
                enableUserSelectHack={true}
                grid={null}
                handle={null}
                key="tag-80986"
                offsetParent={null}
                onDrag={[Function]}
                onMouseDown={[Function]}
                onStart={[Function]}
                onStop={[Function]}
                position={
                  Object {
                    "x": 463,
                    "y": 333,
                  }
                }
                scale={1}
                transform={null}
              >
                <DraggableCore
                  allowAnyClick={false}
                  axis="both"
                  bounds={false}
                  cancel={null}
                  defaultClassName="react-draggable"
                  defaultClassNameDragged="react-draggable-dragged"
                  defaultClassNameDragging="react-draggable-dragging"
                  defaultPosition={
                    Object {
                      "x": 0,
                      "y": 0,
                    }
                  }
                  disabled={false}
                  enableUserSelectHack={true}
                  grid={null}
                  handle={null}
                  offsetParent={null}
                  onDrag={[Function]}
                  onMouseDown={[Function]}
                  onStart={[Function]}
                  onStop={[Function]}
                  position={
                    Object {
                      "x": 463,
                      "y": 333,
                    }
                  }
                  scale={1}
                  transform={null}
                >
                  <div
                    className="tag-group animate-appear react-draggable"
                    data={
                      Object {
                        "tag-626505": Object {
                          "editable": false,
                          "input": "test",
                          "style": Object {
                            "height": 32,
                            "width": 100,
                          },
                          "x": 169,
                          "y": 144,
                        },
                        "tag-629962": Object {
                          "editable": false,
                          "input": "test2",
                          "style": Object {
                            "height": 32,
                            "width": 100,
                          },
                          "x": 462,
                          "y": -23,
                        },
                        "tag-80986": Object {
                          "editable": false,
                          "input": "test3",
                          "style": Object {
                            "height": 32,
                            "width": 100,
                          },
                          "x": 463,
                          "y": 333,
                        },
                      }
                    }
                    onDoubleClick={[Function]}
                    onMouseDown={[Function]}
                    onMouseUp={[Function]}
                    onTouchEnd={[Function]}
                    onTouchStart={[Function]}
                    style={
                      Object {
                        "touchAction": "none",
                        "transform": "translate(463px,333px)",
                      }
                    }
                    transform={null}
                  >
                    test3
                  </div>
                </DraggableCore>
              </Draggable>
            </TagGroup>
          </div>
        </DraggableCore>
      </Draggable>
    </Canvas>
  </div>
</Demo>
`;
