// Jest Snapshot v1, https://goo.gl/fbAQLP

exports[`Canvas Block renders correctly 1`] = `
<Canvas
  className=""
  style={
    Object {
      "height": "100%",
      "width": "100%",
    }
  }
>
  <div
    className="Canvas"
    onDragOver={[Function]}
    onDrop={[Function]}
    style={
      Object {
        "height": "100%",
        "width": "100%",
      }
    }
  >
    <Block
      className=""
      data={
        Object {
          "test1": Object {
            "style": Object {
              "background": "#F96",
              "border": "1px solid #aaa",
              "borderRadius": "10px",
              "height": 80,
              "width": 100,
            },
            "x": 90,
            "y": 50,
          },
          "test2": Object {
            "style": Object {
              "background": "#F96",
              "border": "1px solid #aaa",
              "borderRadius": "10px",
              "height": 80,
              "width": 100,
            },
            "x": 20,
            "y": 150,
          },
          "test3": Object {
            "style": Object {
              "background": "#F96",
              "border": "1px solid #aaa",
              "borderRadius": "10px",
              "height": 80,
              "width": 100,
            },
            "x": 100,
            "y": 100,
          },
        }
      }
      lineData={Object {}}
      onChange={[Function]}
    >
      <Draggable
        allowAnyClick={false}
        axis="both"
        bounds={false}
        cancel={null}
        defaultClassName="react-draggable"
        defaultClassNameDragged="react-draggable-dragged"
        defaultClassNameDragging="react-draggable-dragging"
        defaultPosition={
          Object {
            "x": 0,
            "y": 0,
          }
        }
        disabled={false}
        enableUserSelectHack={true}
        grid={null}
        handle={null}
        key="test1"
        offsetParent={null}
        onDrag={[Function]}
        onMouseDown={[Function]}
        onStart={[Function]}
        onStop={[Function]}
        position={
          Object {
            "x": 90,
            "y": 50,
          }
        }
        scale={1}
        transform={null}
      >
        <DraggableCore
          allowAnyClick={false}
          axis="both"
          bounds={false}
          cancel={null}
          defaultClassName="react-draggable"
          defaultClassNameDragged="react-draggable-dragged"
          defaultClassNameDragging="react-draggable-dragging"
          defaultPosition={
            Object {
              "x": 0,
              "y": 0,
            }
          }
          disabled={false}
          enableUserSelectHack={true}
          grid={null}
          handle={null}
          offsetParent={null}
          onDrag={[Function]}
          onMouseDown={[Function]}
          onStart={[Function]}
          onStop={[Function]}
          position={
            Object {
              "x": 90,
              "y": 50,
            }
          }
          scale={1}
          transform={null}
        >
          <div
            className="BlockGroup react-draggable"
            onClick={[Function]}
            onMouseDown={[Function]}
            onMouseUp={[Function]}
            onTouchEnd={[Function]}
            onTouchStart={[Function]}
            style={
              Object {
                "background": "#F96",
                "border": "1px solid #aaa",
                "borderRadius": "10px",
                "height": 80,
                "touchAction": "none",
                "transform": "translate(90px,50px)",
                "width": 100,
              }
            }
            transform={null}
          />
        </DraggableCore>
      </Draggable>
      <Draggable
        allowAnyClick={false}
        axis="both"
        bounds={false}
        cancel={null}
        defaultClassName="react-draggable"
        defaultClassNameDragged="react-draggable-dragged"
        defaultClassNameDragging="react-draggable-dragging"
        defaultPosition={
          Object {
            "x": 0,
            "y": 0,
          }
        }
        disabled={false}
        enableUserSelectHack={true}
        grid={null}
        handle={null}
        key="test2"
        offsetParent={null}
        onDrag={[Function]}
        onMouseDown={[Function]}
        onStart={[Function]}
        onStop={[Function]}
        position={
          Object {
            "x": 20,
            "y": 150,
          }
        }
        scale={1}
        transform={null}
      >
        <DraggableCore
          allowAnyClick={false}
          axis="both"
          bounds={false}
          cancel={null}
          defaultClassName="react-draggable"
          defaultClassNameDragged="react-draggable-dragged"
          defaultClassNameDragging="react-draggable-dragging"
          defaultPosition={
            Object {
              "x": 0,
              "y": 0,
            }
          }
          disabled={false}
          enableUserSelectHack={true}
          grid={null}
          handle={null}
          offsetParent={null}
          onDrag={[Function]}
          onMouseDown={[Function]}
          onStart={[Function]}
          onStop={[Function]}
          position={
            Object {
              "x": 20,
              "y": 150,
            }
          }
          scale={1}
          transform={null}
        >
          <div
            className="BlockGroup react-draggable"
            onClick={[Function]}
            onMouseDown={[Function]}
            onMouseUp={[Function]}
            onTouchEnd={[Function]}
            onTouchStart={[Function]}
            style={
              Object {
                "background": "#F96",
                "border": "1px solid #aaa",
                "borderRadius": "10px",
                "height": 80,
                "touchAction": "none",
                "transform": "translate(20px,150px)",
                "width": 100,
              }
            }
            transform={null}
          />
        </DraggableCore>
      </Draggable>
      <Draggable
        allowAnyClick={false}
        axis="both"
        bounds={false}
        cancel={null}
        defaultClassName="react-draggable"
        defaultClassNameDragged="react-draggable-dragged"
        defaultClassNameDragging="react-draggable-dragging"
        defaultPosition={
          Object {
            "x": 0,
            "y": 0,
          }
        }
        disabled={false}
        enableUserSelectHack={true}
        grid={null}
        handle={null}
        key="test3"
        offsetParent={null}
        onDrag={[Function]}
        onMouseDown={[Function]}
        onStart={[Function]}
        onStop={[Function]}
        position={
          Object {
            "x": 100,
            "y": 100,
          }
        }
        scale={1}
        transform={null}
      >
        <DraggableCore
          allowAnyClick={false}
          axis="both"
          bounds={false}
          cancel={null}
          defaultClassName="react-draggable"
          defaultClassNameDragged="react-draggable-dragged"
          defaultClassNameDragging="react-draggable-dragging"
          defaultPosition={
            Object {
              "x": 0,
              "y": 0,
            }
          }
          disabled={false}
          enableUserSelectHack={true}
          grid={null}
          handle={null}
          offsetParent={null}
          onDrag={[Function]}
          onMouseDown={[Function]}
          onStart={[Function]}
          onStop={[Function]}
          position={
            Object {
              "x": 100,
              "y": 100,
            }
          }
          scale={1}
          transform={null}
        >
          <div
            className="BlockGroup react-draggable"
            onClick={[Function]}
            onMouseDown={[Function]}
            onMouseUp={[Function]}
            onTouchEnd={[Function]}
            onTouchStart={[Function]}
            style={
              Object {
                "background": "#F96",
                "border": "1px solid #aaa",
                "borderRadius": "10px",
                "height": 80,
                "touchAction": "none",
                "transform": "translate(100px,100px)",
                "width": 100,
              }
            }
            transform={null}
          />
        </DraggableCore>
      </Draggable>
    </Block>
    <LineGroup
      data={Object {}}
    >
      <div
        className="LineGroup"
      />
    </LineGroup>
    <TagGroup
      data={Object {}}
      onChange={[Function]}
    />
  </div>
</Canvas>
`;

exports[`Canvas Canvas renders correctly 1`] = `
<Canvas
  className=""
  style={
    Object {
      "height": "100%",
      "width": "100%",
    }
  }
>
  <div
    className="Canvas"
    onDragOver={[Function]}
    onDrop={[Function]}
    style={
      Object {
        "height": "100%",
        "width": "100%",
      }
    }
  >
    <Block
      className=""
      data={Object {}}
      lineData={Object {}}
      onChange={[Function]}
    />
    <LineGroup
      data={Object {}}
    >
      <div
        className="LineGroup"
      />
    </LineGroup>
    <TagGroup
      data={Object {}}
      onChange={[Function]}
    />
  </div>
</Canvas>
`;
