// Jest Snapshot v1, https://goo.gl/fbAQLP

exports[`DrawLine DrawLine render correctly 1`] = `
<Demo>
  <Block
    color="#00f"
    left="90px"
    top="50px"
  >
    <div
      className="block"
    >
      A
    </div>
  </Block>
  <Block
    color="#00f"
    left="20px"
    top="150px"
  >
    <div
      className="block"
    >
      B
    </div>
  </Block>
  <SteppedLineTo
    borderColor="#ddd"
    borderStyle="solid"
    borderWidth={3}
    from={
      <div
        class="block"
      >
        A
      </div>
    }
    fromAnchor="bottom"
    to={
      <div
        class="block"
      >
        B
      </div>
    }
    toAnchor="top"
  >
    <SteppedLine
      borderColor="#ddd"
      borderStyle="solid"
      borderWidth={3}
      from={
        <div
          class="block"
        >
          A
        </div>
      }
      fromAnchor="bottom"
      to={
        <div
          class="block"
        >
          B
        </div>
      }
      toAnchor="top"
      x0={0}
      x1={0}
      y0={0}
      y1={0}
    >
      <Line
        borderColor="#ddd"
        borderStyle="solid"
        borderWidth={3}
        from={
          <div
            class="block"
          >
            A
          </div>
        }
        fromAnchor="bottom"
        to={
          <div
            class="block"
          >
            B
          </div>
        }
        toAnchor="top"
        x0={0}
        x1={0}
        y0={0}
        y1={0}
      >
        <div
          className="react-lineto-placeholder"
        >
          <div
            style={
              Object {
                "borderTopColor": "#ddd",
                "borderTopStyle": "solid",
                "borderTopWidth": 3,
                "left": "0px",
                "position": "absolute",
                "top": "0px",
                "transform": "rotate(0deg)",
                "transformOrigin": "0 0",
                "width": "0px",
                "zIndex": "1",
              }
            }
          />
        </div>
      </Line>
    </SteppedLine>
  </SteppedLineTo>
</Demo>
`;
