// Jest Snapshot v1, https://goo.gl/fbAQLP

exports[`Line Line renders correctly 1`] = `
<Line
  x0={0}
  x1={0}
  y0={0}
  y1={0}
>
  <div
    className="line-core"
    style={
      Object {
        "transform": "translate3d(0px, 0px, 0) rotate(0deg)",
        "width": "0px",
      }
    }
  />
</Line>
`;
