// Jest Snapshot v1, https://goo.gl/fbAQLP

exports[`SteppedLine render correctly 1`] = `
<SteppedLine
  from={
    Object {
      "bottom": 616,
      "height": 80,
      "left": 361,
      "right": 461,
      "top": 536,
      "width": 100,
      "x": 361,
      "y": 536,
    }
  }
  to={
    Object {
      "bottom": 428,
      "height": 80,
      "left": 65,
      "right": 165,
      "top": 348,
      "width": 100,
      "x": 65,
      "y": 348,
    }
  }
>
  <div
    className="stepped-line"
  >
    <Line
      x0={361}
      x1={263}
      y0={576}
      y1={576}
    >
      <div
        className="line-core"
        style={
          Object {
            "transform": "translate3d(361px, 576px, 0) rotate(180deg)",
            "width": "98px",
          }
        }
      />
    </Line>
    <Line
      x0={263}
      x1={263}
      y0={576}
      y1={388}
    >
      <div
        className="line-core"
        style={
          Object {
            "transform": "translate3d(263px, 576px, 0) rotate(-90deg)",
            "width": "188px",
          }
        }
      />
    </Line>
    <Line
      x0={263}
      x1={165}
      y0={388}
      y1={388}
    >
      <div
        className="line-core"
        style={
          Object {
            "transform": "translate3d(263px, 388px, 0) rotate(180deg)",
            "width": "98px",
          }
        }
      />
    </Line>
  </div>
</SteppedLine>
`;
